[     109ms] [ERROR] Failed to load resource: the server responded with a status of 404 (Not Found) @ http://localhost:18080/favicon.ico:0
[    2481ms] [WARNING] [.WebGL-0x2c44000e6000]GL Driver Message (OpenGL, Performance, GL_CLOSE_PATH_NV, High): GPU stall due to ReadPixels @ http://localhost:18080/:0
[    2561ms] [WARNING] [.WebGL-0x2c44000e6000]GL Driver Message (OpenGL, Performance, GL_CLOSE_PATH_NV, High): GPU stall due to ReadPixels @ http://localhost:18080/:0
[    2577ms] [WARNING] [.WebGL-0x2c44000e6000]GL Driver Message (OpenGL, Performance, GL_CLOSE_PATH_NV, High): GPU stall due to ReadPixels @ http://localhost:18080/:0
[    2595ms] [WARNING] [.WebGL-0x2c44000e6000]GL Driver Message (OpenGL, Performance, GL_CLOSE_PATH_NV, High): GPU stall due to ReadPixels (this message will no longer repeat) @ http://localhost:18080/:0
[    3622ms] [ERROR] Error @ http://localhost:18080/resources/maplibre-gl.js:41
[    3628ms] [ERROR] Error @ http://localhost:18080/resources/maplibre-gl.js:41
[    3628ms] [ERROR] Error @ http://localhost:18080/resources/maplibre-gl.js:41
[    3628ms] [ERROR] Error @ http://localhost:18080/resources/maplibre-gl.js:41
[    3628ms] [ERROR] Error @ http://localhost:18080/resources/maplibre-gl.js:41
[    3628ms] [ERROR] Error @ http://localhost:18080/resources/maplibre-gl.js:41
[    3846ms] [ERROR] Error @ http://localhost:18080/resources/maplibre-gl.js:41
[    3846ms] [ERROR] Error @ http://localhost:18080/resources/maplibre-gl.js:41
[    3846ms] [ERROR] Error @ http://localhost:18080/resources/maplibre-gl.js:41
[    3846ms] [ERROR] Error @ http://localhost:18080/resources/maplibre-gl.js:41
[   55823ms] [ERROR] Error @ http://localhost:18080/resources/maplibre-gl.js:41
[   55881ms] [ERROR] Error @ http://localhost:18080/resources/maplibre-gl.js:41
[   55881ms] [ERROR] Error @ http://localhost:18080/resources/maplibre-gl.js:41
[   55881ms] [ERROR] Error @ http://localhost:18080/resources/maplibre-gl.js:41
[   55882ms] [ERROR] Error @ http://localhost:18080/resources/maplibre-gl.js:41
[   55882ms] [ERROR] Error @ http://localhost:18080/resources/maplibre-gl.js:41
[   56055ms] [ERROR] Error @ http://localhost:18080/resources/maplibre-gl.js:41
[   56055ms] [ERROR] Error @ http://localhost:18080/resources/maplibre-gl.js:41
[   56055ms] [ERROR] Error @ http://localhost:18080/resources/maplibre-gl.js:41
[   56055ms] [ERROR] Error @ http://localhost:18080/resources/maplibre-gl.js:41
